Godot Engine v4.7.stable.official.5b4e0cb0f - https://godotengine.org

WARNING: 'res://Assets/Animations/MainAnimationLibary.res': In external resource #3, invalid UID: 'uid://d3b8btpg7xv28' - using text path instead: 'res://Assets/Animations/FemaleWalk.anim'.
   at: open (core/io/resource_format_binary.cpp:1025)
   GDScript backtrace (most recent call first):
       [0] _run (res://Tests/traffic_intersection_flow_smoke_test.gd:9)
WARNING: 'res://Assets/Animations/MainAnimationLibary.res': In external resource #4, invalid UID: 'uid://dkspfcoyitqq8' - using text path instead: 'res://Assets/Animations/Activities/LeaningOnWall1.anim'.
   at: open (core/io/resource_format_binary.cpp:1025)
   GDScript backtrace (most recent call first):
       [0] _run (res://Tests/traffic_intersection_flow_smoke_test.gd:9)
WARNING: 'res://Assets/Animations/MainAnimationLibary.res': In external resource #5, invalid UID: 'uid://cv750wc575tih' - using text path instead: 'res://Assets/Animations/Activities/LeaningOnWall2.anim'.
   at: open (core/io/resource_format_binary.cpp:1025)
   GDScript backtrace (most recent call first):
       [0] _run (res://Tests/traffic_intersection_flow_smoke_test.gd:9)
WARNING: 'res://Assets/Animations/MainAnimationLibary.res': In external resource #7, invalid UID: 'uid://dq72yrmth05k7' - using text path instead: 'res://Assets/Animations/Activities/Talking.anim'.
   at: open (core/io/resource_format_binary.cpp:1025)
   GDScript backtrace (most recent call first):
       [0] _run (res://Tests/traffic_intersection_flow_smoke_test.gd:9)
WARNING: 'res://Assets/Animations/MainAnimationLibary.res': In external resource #8, invalid UID: 'uid://11lpikjgxaj2' - using text path instead: 'res://Assets/Animations/Activities/TextingWalking1.anim'.
   at: open (core/io/resource_format_binary.cpp:1025)
   GDScript backtrace (most recent call first):
       [0] _run (res://Tests/traffic_intersection_flow_smoke_test.gd:9)
WARNING: 'res://Assets/Animations/MainAnimationLibary.res': In external resource #9, invalid UID: 'uid://ddu8pic7we0aj' - using text path instead: 'res://Assets/Animations/Activities/TextingWalking2.anim'.
   at: open (core/io/resource_format_binary.cpp:1025)
   GDScript backtrace (most recent call first):
       [0] _run (res://Tests/traffic_intersection_flow_smoke_test.gd:9)
WARNING: AnimationNodeBlendSpace1D::add_blend_point: No name provided, using safe index as reference. In the future, empty names will be deprecated, so explicitly passing a name is recommended.
   at: add_blend_point (scene/animation/animation_blend_space_1d.cpp:168)
   GDScript backtrace (most recent call first):
       [0] _setup_crouch_animation_nodes (res://Scripts/Player/Components/player_animation_component.gd:908)
       [1] _ready (res://Scripts/Player/Components/player_animation_component.gd:171)
       [2] _run (res://Tests/traffic_intersection_flow_smoke_test.gd:12)
WARNING: AnimationNodeBlendSpace1D::add_blend_point: No name provided, using safe index as reference. In the future, empty names will be deprecated, so explicitly passing a name is recommended.
   at: add_blend_point (scene/animation/animation_blend_space_1d.cpp:168)
   GDScript backtrace (most recent call first):
       [0] _setup_crouch_animation_nodes (res://Scripts/Player/Components/player_animation_component.gd:912)
       [1] _ready (res://Scripts/Player/Components/player_animation_component.gd:171)
       [2] _run (res://Tests/traffic_intersection_flow_smoke_test.gd:12)
WARNING: Adding 'PhysicalBoneSimulator3D' as child to 'GeneralSkeleton' will make owner 'PlayerTest2' inconsistent. Consider unsetting the owner beforehand.
   at: add_child (scene/main/node.cpp:1728)
   GDScript backtrace (most recent call first):
       [0] _replace_simulator_with_npc_rig (res://Scripts/Player/Components/player_ragdoll_component.gd:92)
       [1] _ready (res://Scripts/Player/Components/player_ragdoll_component.gd:58)
       [2] _run (res://Tests/traffic_intersection_flow_smoke_test.gd:12)
TRAFFIC_INTERSECTION_FLOW_SMOKE_TEST_PASS
