Godot Engine v4.7.stable.official.5b4e0cb0f - https://godotengine.org
D3D12 12_0 - Forward+ - Using Device #0: NVIDIA - NVIDIA GeForce RTX 5050 Laptop GPU

WARNING: 'res://Assets/Animations/MainAnimationLibary.res': In external resource #3, invalid UID: 'uid://d3b8btpg7xv28' - using text path instead: 'res://Assets/Animations/FemaleWalk.anim'.
   at: open (core/io/resource_format_binary.cpp:1025)
   GDScript backtrace (most recent call first):
       [0] _run (res://Tests/target_outline_render_test.gd:22)
WARNING: 'res://Assets/Animations/MainAnimationLibary.res': In external resource #4, invalid UID: 'uid://dkspfcoyitqq8' - using text path instead: 'res://Assets/Animations/Activities/LeaningOnWall1.anim'.
   at: open (core/io/resource_format_binary.cpp:1025)
   GDScript backtrace (most recent call first):
       [0] _run (res://Tests/target_outline_render_test.gd:22)
WARNING: 'res://Assets/Animations/MainAnimationLibary.res': In external resource #5, invalid UID: 'uid://cv750wc575tih' - using text path instead: 'res://Assets/Animations/Activities/LeaningOnWall2.anim'.
   at: open (core/io/resource_format_binary.cpp:1025)
   GDScript backtrace (most recent call first):
       [0] _run (res://Tests/target_outline_render_test.gd:22)
WARNING: 'res://Assets/Animations/MainAnimationLibary.res': In external resource #7, invalid UID: 'uid://dq72yrmth05k7' - using text path instead: 'res://Assets/Animations/Activities/Talking.anim'.
   at: open (core/io/resource_format_binary.cpp:1025)
   GDScript backtrace (most recent call first):
       [0] _run (res://Tests/target_outline_render_test.gd:22)
WARNING: 'res://Assets/Animations/MainAnimationLibary.res': In external resource #8, invalid UID: 'uid://11lpikjgxaj2' - using text path instead: 'res://Assets/Animations/Activities/TextingWalking1.anim'.
   at: open (core/io/resource_format_binary.cpp:1025)
   GDScript backtrace (most recent call first):
       [0] _run (res://Tests/target_outline_render_test.gd:22)
WARNING: 'res://Assets/Animations/MainAnimationLibary.res': In external resource #9, invalid UID: 'uid://ddu8pic7we0aj' - using text path instead: 'res://Assets/Animations/Activities/TextingWalking2.anim'.
   at: open (core/io/resource_format_binary.cpp:1025)
   GDScript backtrace (most recent call first):
       [0] _run (res://Tests/target_outline_render_test.gd:22)
TARGET_OUTLINE_RENDER_TEST_PASS
